[38;5;112m[Appium][0m Welcome to Appium v3.2.2 (REV a0bd077aafa7dcdf3562fa39afd0eb70f36af08c)
[38;5;112m[Appium][0m Non-default server args:
[38;5;112m[Appium][0m { address: [32m'127.0.0.1'[39m }
[38;5;112m[Appium][0m The autodetected Appium home path: /Users/predator258/.appium
[38;5;112m[Appium][0m Attempting to load driver uiautomator2...
[38;5;112m[Appium][0m Requiring driver at /Users/predator258/.appium/node_modules/appium-uiautomator2-driver/build/lib/index.js
[38;5;112m[Appium][0m AndroidUiautomator2Driver has been successfully loaded in 0.369s
[38;5;112m[Appium][0m Appium REST http interface listener started on http://127.0.0.1:4723
[38;5;112m[Appium][0m Available drivers:
[38;5;112m[Appium][0m   - uiautomator2@7.0.0 (automationName 'UiAutomator2')
[38;5;112m[Appium][0m No plugins have been installed. Use the "appium plugin" command to install the one(s) you want to use.
[38;5;86m[HTTP][0m [37m-->[39m [37mGET[39m [37m/status[39m [90m[39m
[38;5;216m[AppiumDriver@f303][0m Calling AppiumDriver.getStatus() with args: []
[38;5;216m[AppiumDriver@f303][0m Responding to client with driver.getStatus() result: {"ready":true,"message":"The server is ready to accept new connections","build":{"version":"3.2.2","git-sha":"a0bd077aafa7dcdf3562fa39afd0eb70f36af08c","built":"2026-03-02 06:17:25 +0000"}}
[38;5;86m[HTTP][0m [37m<-- GET /status [39m[32m200[39m [90m3 ms - 199[39m
[38;5;86m[HTTP][0m [37m-->[39m [37mGET[39m [37m/status[39m [90m[39m
[38;5;216m[AppiumDriver@f303][0m Calling AppiumDriver.getStatus() with args: []
[38;5;216m[AppiumDriver@f303][0m Responding to client with driver.getStatus() result: {"ready":true,"message":"The server is ready to accept new connections","build":{"version":"3.2.2","git-sha":"a0bd077aafa7dcdf3562fa39afd0eb70f36af08c","built":"2026-03-02 06:17:25 +0000"}}
[38;5;86m[HTTP][0m [37m<-- GET /status [39m[32m200[39m [90m1 ms - 199[39m
[38;5;86m[HTTP][0m Request idempotency key: 62ddb8ae-7ada-4dd9-9451-3f7677fa04d9
[38;5;86m[HTTP][0m [37m-->[39m [37mPOST[39m [37m/session[39m [90m{"capabilities":{"firstMatch":[{}],"alwaysMatch":{"appium:automationName":"UiAutomator2","platformName":"Android","appium:deviceName":"Android Emulator","appium:appPackage":"com.app.nobrokerhood","appium:appActivity":".activities.DoorSplashScreen","appium:noReset":true,"appium:udid":"emulator-5554"}}}[39m
[38;5;216m[AppiumDriver@f303][0m Calling AppiumDriver.createSession() with args: [{"firstMatch":[{}],"alwaysMatch":{"appium:automationName":"UiAutomator2","platformName":"Android","appium:deviceName":"Android Emulator","appium:appPackage":"com.app.nobrokerhood","appium:appActivity":".activities.DoorSplashScreen","appium:noReset":true,"appium:udid":"emulator-5554"}},{"firstMatch":[{}],"alwaysMatch":{"appium:automationName":"UiAutomator2","platformName":"Android","appium:deviceName":"Android Emulator","appium:appPackage":"com.app.nobrokerhood","appium:appActivity":".activities.DoorSplashScreen","appium:noReset":true,"appium:udid":"emulator-5554"}},{"firstMatch":[{}],"alwaysMatch":{"appium:automationName":"UiAutomator2","platformName":"Android","appium:deviceName":"Android Emulator","appium:appPackage":"com.app.nobrokerhood","appium:appActivity":".activities.DoorSplashScreen","appium:noReset":true,"appium:udid":"emulator-5554"}}]
[38;5;216m[AppiumDriver@f303][0m Event 'newSessionRequested' logged at 1773307337717 (14:52:17 GMT+0530 (India Standard Time))
[38;5;112m[Appium][0m Attempting to find matching driver for automationName 'UiAutomator2' and platformName 'Android'
[38;5;112m[Appium][0m The 'uiautomator2' driver was installed and matched caps.
[38;5;112m[Appium][0m Will require it at /Users/predator258/.appium/node_modules/appium-uiautomator2-driver
[38;5;112m[Appium][0m Requiring driver at /Users/predator258/.appium/node_modules/appium-uiautomator2-driver/build/lib/index.js
[38;5;216m[AppiumDriver@f303][0m Appium v3.2.2 creating new AndroidUiautomator2Driver (v7.0.0) session
[38;5;216m[AppiumDriver@f303][0m Checking BaseDriver versions for Appium and AndroidUiautomator2Driver
[38;5;216m[AppiumDriver@f303][0m Appium's BaseDriver version is 10.2.2
[38;5;216m[AppiumDriver@f303][0m AndroidUiautomator2Driver's BaseDriver version is 10.2.2
[38;5;-112m[AndroidUiautomator2Driver@862c][0m 
[38;5;-112m[AndroidUiautomator2Driver@862c][0m Creating session with W3C capabilities: {
  "alwaysMatch": {
    "platformName": "Android",
    "appium:automationName": "UiAutomator2",
    "appium:deviceName": "Android Emulator",
    "appium:appPackage": "com.app.nobrokerhood",
    "appium:appActivity": ".activities.DoorSplashScreen",
    "appium:noReset": true,
    "appium:udid": "emulator-5554"
  },
  "firstMatch": [
    {}
  ]
}
[38;5;164m[e693e6f2][0m[38;5;-112m[AndroidUiautomator2Driver@862c][0m Session created with session id: e693e6f2-566d-44a8-a97d-ad6943f9a4b4
[38;5;164m[e693e6f2][0m[38;5;229m[ADB][0m Found 1 'build-tools' folders under '/Users/predator258/Library/Android/sdk' (newest first):
[38;5;164m[e693e6f2][0m[38;5;229m[ADB][0m     /Users/predator258/Library/Android/sdk/build-tools/36.1.0
[38;5;164m[e693e6f2][0m[38;5;229m[ADB][0m Using 'adb' from '/Users/predator258/Library/Android/sdk/platform-tools/adb'
[38;5;164m[e693e6f2][0m[38;5;229m[ADB][0m Running '/Users/predator258/Library/Android/sdk/platform-tools/adb -P 5037 start-server'
[38;5;164m[e693e6f2][0m[38;5;-112m[AndroidUiautomator2Driver@862c][0m Retrieving device list
[38;5;164m[e693e6f2][0m[38;5;229m[ADB][0m Trying to find connected Android devices
[38;5;164m[e693e6f2][0m[38;5;229m[ADB][0m Getting connected devices
[38;5;164m[e693e6f2][0m[38;5;229m[ADB][0m Connected devices: [{"udid":"emulator-5554","state":"device"}]
[38;5;164m[e693e6f2][0m[38;5;-112m[AndroidUiautomator2Driver@862c][0m Using device: emulator-5554
[38;5;164m[e693e6f2][0m[38;5;229m[ADB][0m Using 'adb' from '/Users/predator258/Library/Android/sdk/platform-tools/adb'
[38;5;164m[e693e6f2][0m[38;5;229m[ADB][0m Running '/Users/predator258/Library/Android/sdk/platform-tools/adb -P 5037 start-server'
[38;5;164m[e693e6f2][0m[38;5;229m[ADB][0m Setting device id to emulator-5554
[38;5;164m[e693e6f2][0m[38;5;-112m[AndroidUiautomator2Driver@862c][0m Starting 'com.app.nobrokerhood' directly on the device
[38;5;164m[e693e6f2][0m[38;5;229m[ADB][0m Running '/Users/predator258/Library/Android/sdk/platform-tools/adb -P 5037 -s emulator-5554 shell getprop ro.build.version.sdk'
[38;5;164m[e693e6f2][0m[38;5;229m[ADB][0m Current device property 'ro.build.version.sdk': 36
[38;5;164m[e693e6f2][0m[38;5;229m[ADB][0m Getting device platform version
[38;5;164m[e693e6f2][0m[38;5;229m[ADB][0m Running '/Users/predator258/Library/Android/sdk/platform-tools/adb -P 5037 -s emulator-5554 shell getprop ro.build.version.release'
[38;5;164m[e693e6f2][0m[38;5;229m[ADB][0m Current device property 'ro.build.version.release': 16
[38;5;164m[e693e6f2][0m[38;5;229m[ADB][0m Device API level: 36
[38;5;164m[e693e6f2][0m[38;5;-112m[AndroidUiautomator2Driver@862c][0m Relaxing hidden api policy
[38;5;164m[e693e6f2][0m[38;5;229m[ADB][0m Running '/Users/predator258/Library/Android/sdk/platform-tools/adb -P 5037 -s emulator-5554 shell 'settings put global hidden_api_policy_pre_p_apps 1;settings put global hidden_api_policy_p_apps 1;settings put global hidden_api_policy 1''
[38;5;164m[e693e6f2][0m[38;5;229m[ADB][0m Running '/Users/predator258/Library/Android/sdk/platform-tools/adb -P 5037 -s emulator-5554 wait-for-device'
[38;5;164m[e693e6f2][0m[38;5;229m[ADB][0m Running '/Users/predator258/Library/Android/sdk/platform-tools/adb -P 5037 -s emulator-5554 shell echo ping'
[38;5;164m[e693e6f2][0m[38;5;-112m[AndroidUiautomator2Driver@862c][0m Pushing settings apk to the device...
[38;5;164m[e693e6f2][0m[38;5;229m[ADB][0m Getting package info for 'io.appium.settings'
[38;5;164m[e693e6f2][0m[38;5;229m[ADB][0m Running '/Users/predator258/Library/Android/sdk/platform-tools/adb -P 5037 -s emulator-5554 shell dumpsys package io.appium.settings'
[38;5;164m[e693e6f2][0m[38;5;229m[ADB][0m Using 'aapt2' from '/Users/predator258/Library/Android/sdk/build-tools/36.1.0/aapt2'
[38;5;164m[e693e6f2][0m[38;5;229m[ADB][0m Reading package manifest: '/Users/predator258/Library/Android/sdk/build-tools/36.1.0/aapt2 dump badging /Users/predator258/.appium/node_modules/appium-uiautomator2-driver/node_modules/io.appium.settings/apks/settings_apk-debug.apk'
[38;5;164m[e693e6f2][0m[38;5;229m[ADB][0m The version name of the installed 'io.appium.settings' is greater or equal to the application version name ('7.0.20' >= '7.0.20')
[38;5;164m[e693e6f2][0m[38;5;229m[ADB][0m There is no need to install/upgrade '/Users/predator258/.appium/node_modules/appium-uiautomator2-driver/node_modules/io.appium.settings/apks/settings_apk-debug.apk'
[38;5;164m[e693e6f2][0m[38;5;229m[ADB][0m Running '/Users/predator258/Library/Android/sdk/platform-tools/adb -P 5037 -s emulator-5554 shell dumpsys activity services io.appium.settings'
[38;5;164m[e693e6f2][0m[38;5;229m[ADB][0m Running '/Users/predator258/Library/Android/sdk/platform-tools/adb -P 5037 -s emulator-5554 shell cmd notification allow_listener io.appium.settings/.NLService'
[38;5;164m[e693e6f2][0m[38;5;229m[ADB][0m Running '/Users/predator258/Library/Android/sdk/platform-tools/adb -P 5037 -s emulator-5554 shell appops set io.appium.settings PROJECT_MEDIA allow'
[38;5;164m[e693e6f2][0m[38;5;229m[ADB][0m Running '/Users/predator258/Library/Android/sdk/platform-tools/adb -P 5037 -s emulator-5554 shell dumpsys activity services io.appium.settings'
[38;5;164m[e693e6f2][0m[38;5;78m[SettingsApp][0m Starting Appium Settings app
[38;5;164m[e693e6f2][0m[38;5;229m[ADB][0m Running '/Users/predator258/Library/Android/sdk/platform-tools/adb -P 5037 -s emulator-5554 shell am start-activity -n io.appium.settings/.Settings -a android.intent.action.MAIN -c android.intent.category.LAUNCHER'
[38;5;164m[e693e6f2][0m[38;5;229m[ADB][0m Running '/Users/predator258/Library/Android/sdk/platform-tools/adb -P 5037 -s emulator-5554 shell dumpsys activity services io.appium.settings'
[38;5;164m[e693e6f2][0m[38;5;229m[ADB][0m Running '/Users/predator258/Library/Android/sdk/platform-tools/adb -P 5037 -s emulator-5554 shell dumpsys activity services io.appium.settings'
[38;5;164m[e693e6f2][0m[38;5;160m[Logcat][0m Starting logs capture with command: /Users/predator258/Library/Android/sdk/platform-tools/adb -P 5037 -s emulator-5554 logcat -v threadtime
[38;5;164m[e693e6f2][0m[38;5;-112m[AndroidUiautomator2Driver@862c][0m Forwarding UiAutomator2 Server port 6790 to local port 8200
[38;5;164m[e693e6f2][0m[38;5;229m[ADB][0m Forwarding system: 8200 to device: 6790
[38;5;164m[e693e6f2][0m[38;5;229m[ADB][0m Running '/Users/predator258/Library/Android/sdk/platform-tools/adb -P 5037 -s emulator-5554 forward tcp:8200 tcp:6790'
[38;5;164m[e693e6f2][0m[38;5;-112m[AndroidUiautomator2Driver@862c][0m UIA2Proxy options: {"server":"127.0.0.1","port":8200,"keepAlive":true,"scheme":"http","base":"","reqBasePath":"","sessionId":null,"timeout":240000}
[38;5;164m[e693e6f2][0m[38;5;229m[ADB][0m Getting package info for 'io.appium.uiautomator2.server'
[38;5;164m[e693e6f2][0m[38;5;229m[ADB][0m Running '/Users/predator258/Library/Android/sdk/platform-tools/adb -P 5037 -s emulator-5554 shell dumpsys package io.appium.uiautomator2.server'
[38;5;164m[e693e6f2][0m[38;5;229m[ADB][0m Getting install status for io.appium.uiautomator2.server.test
[38;5;164m[e693e6f2][0m[38;5;-112m[AndroidUiautomator2Driver@862c][0m No app capability. Assuming it is already on the device
[38;5;164m[e693e6f2][0m[38;5;229m[ADB][0m Running '/Users/predator258/Library/Android/sdk/platform-tools/adb -P 5037 -s emulator-5554 shell cmd package list packages --show-versioncode'
[38;5;164m[e693e6f2][0m[38;5;229m[ADB][0m 'io.appium.uiautomator2.server.test' is installed
[38;5;164m[e693e6f2][0m[38;5;229m[ADB][0m Reading package manifest: '/Users/predator258/Library/Android/sdk/build-tools/36.1.0/aapt2 dump badging /Users/predator258/.appium/node_modules/appium-uiautomator2-driver/node_modules/appium-uiautomator2-server/apks/appium-uiautomator2-server-v9.11.1.apk'
[38;5;164m[e693e6f2][0m[38;5;229m[ADB][0m The version name of the installed 'io.appium.uiautomator2.server' is greater or equal to the application version name ('9.11.1' >= '9.11.1')
[38;5;164m[e693e6f2][0m[38;5;-112m[AndroidUiautomator2Driver@862c][0m Server packages status: [{"installState":"sameVersionInstalled","appPath":"/Users/predator258/.appium/node_modules/appium-uiautomator2-driver/node_modules/appium-uiautomator2-server/apks/appium-uiautomator2-server-v9.11.1.apk","appId":"io.appium.uiautomator2.server"},{"installState":"sameVersionInstalled","appPath":"/Users/predator258/.appium/node_modules/appium-uiautomator2-driver/node_modules/appium-uiautomator2-server/apks/appium-uiautomator2-server-debug-androidTest.apk","appId":"io.appium.uiautomator2.server.test"}]
[38;5;164m[e693e6f2][0m[38;5;-112m[AndroidUiautomator2Driver@862c][0m Server packages are not going to be (re)installed
[38;5;164m[e693e6f2][0m[38;5;-112m[AndroidUiautomator2Driver@862c][0m Waiting up to 30000ms for services to be available
[38;5;164m[e693e6f2][0m[38;5;229m[ADB][0m Running '/Users/predator258/Library/Android/sdk/platform-tools/adb -P 5037 -s emulator-5554 shell pm list instrumentation'
[38;5;164m[e693e6f2][0m[38;5;-112m[AndroidUiautomator2Driver@862c][0m Instrumentation target 'io.appium.uiautomator2.server.test/androidx.test.runner.AndroidJUnitRunner' is available
[38;5;164m[e693e6f2][0m[38;5;229m[ADB][0m Adding packages ["io.appium.settings","io.appium.uiautomator2.server","io.appium.uiautomator2.server.test"] to Doze whitelist
[38;5;164m[e693e6f2][0m[38;5;229m[ADB][0m Got the following command chunks to execute: [["dumpsys","deviceidle","whitelist","+io.appium.settings",";","dumpsys","deviceidle","whitelist","+io.appium.uiautomator2.server",";","dumpsys","deviceidle","whitelist","+io.appium.uiautomator2.server.test",";"]]
[38;5;164m[e693e6f2][0m[38;5;229m[ADB][0m Running '/Users/predator258/Library/Android/sdk/platform-tools/adb -P 5037 -s emulator-5554 shell dumpsys deviceidle whitelist +io.appium.settings ; dumpsys deviceidle whitelist +io.appium.uiautomator2.server ; dumpsys deviceidle whitelist +io.appium.uiautomator2.server.test ;'
[38;5;164m[e693e6f2][0m[38;5;-112m[AndroidUiautomator2Driver@862c][0m Performing shallow cleanup of automation leftovers
[38;5;164m[e693e6f2][0m[38;5;-112m[AndroidUiautomator2Driver@862c][0m No obsolete sessions have been detected (socket hang up)
[38;5;164m[e693e6f2][0m[38;5;229m[ADB][0m Running '/Users/predator258/Library/Android/sdk/platform-tools/adb -P 5037 -s emulator-5554 shell am force-stop io.appium.uiautomator2.server'
[38;5;164m[e693e6f2][0m[38;5;229m[ADB][0m Running '/Users/predator258/Library/Android/sdk/platform-tools/adb -P 5037 -s emulator-5554 shell am force-stop io.appium.uiautomator2.server.test'
[38;5;164m[e693e6f2][0m[38;5;-112m[AndroidUiautomator2Driver@862c][0m Starting UIAutomator2 server 9.11.1
[38;5;164m[e693e6f2][0m[38;5;-112m[AndroidUiautomator2Driver@862c][0m Using UIAutomator2 server from '/Users/predator258/.appium/node_modules/appium-uiautomator2-driver/node_modules/appium-uiautomator2-server/apks/appium-uiautomator2-server-v9.11.1.apk' and test from '/Users/predator258/.appium/node_modules/appium-uiautomator2-driver/node_modules/appium-uiautomator2-server/apks/appium-uiautomator2-server-debug-androidTest.apk'
[38;5;164m[e693e6f2][0m[38;5;-112m[AndroidUiautomator2Driver@862c][0m Waiting up to 30000ms for UiAutomator2 to be online...
[38;5;164m[e693e6f2][0m[38;5;229m[ADB][0m Creating ADB subprocess with args: ["-P","5037","-s","emulator-5554","shell","am","instrument","-w","-e","disableAnalytics","true","io.appium.uiautomator2.server.test/androidx.test.runner.AndroidJUnitRunner"]
[38;5;164m[e693e6f2][0m[38;5;-112m[AndroidUiautomator2Driver@862c][0m Matched '/status' to command name 'getStatus'
[38;5;164m[e693e6f2][0m[38;5;-112m[AndroidUiautomator2Driver@862c][0m Proxying [GET /status] to [GET http://127.0.0.1:8200/status] with no body
[38;5;164m[e693e6f2][0m[38;5;-112m[AndroidUiautomator2Driver@862c][0m socket hang up
[38;5;164m[e693e6f2][0m[38;5;-112m[AndroidUiautomator2Driver@862c][0m [Instrumentation] 
[38;5;164m[e693e6f2][0m[38;5;-112m[AndroidUiautomator2Driver@862c][0m Matched '/status' to command name 'getStatus'
[38;5;164m[e693e6f2][0m[38;5;-112m[AndroidUiautomator2Driver@862c][0m Proxying [GET /status] to [GET http://127.0.0.1:8200/status] with no body
[38;5;164m[e693e6f2][0m[38;5;-112m[AndroidUiautomator2Driver@862c][0m Got response with status 200: {"sessionId":"None","value":{"build":{"version":"9.11.1","versionCode":253},"message":"UiAutomator2 Server is ready to accept commands","ready":true}}
[38;5;164m[e693e6f2][0m[38;5;-112m[AndroidUiautomator2Driver@862c][0m The initialization of the instrumentation process took 1038ms
[38;5;164m[e693e6f2][0m[38;5;-112m[AndroidUiautomator2Driver@862c][0m Matched '/session' to command name 'createSession'
[38;5;164m[e693e6f2][0m[38;5;-112m[AndroidUiautomator2Driver@862c][0m Proxying [POST /session] to [POST http://127.0.0.1:8200/session] with body: {"capabilities":{"firstMatch":[{"platformName":"Android","automationName":"UiAutomator2","deviceName":"emulator-5554","appPackage":"com.app.nobrokerhood","appActivity":".activities.DoorSplashScreen","noReset":true,"udid":"emulator-5554","platform":"LINUX","webStorageEnabled":false,"takesScreenshot":true,"javascriptEnabled":true,"databaseEnabled":false,"networkConnectionEnabled":true,"locationContextEnabled":false,"warnings":{},"desired":{"platformName":"Android","automationName":"UiAutomator2","deviceName":"Android Emulator","appPackage":"com.app.nobrokerhood","appActivity":".activities.DoorSplashScreen","noReset":true,"udid":"emulator-5554"},"deviceUDID":"emulator-5554"}],"alwaysMatch":{}}}
[38;5;164m[e693e6f2][0m[38;5;-112m[AndroidUiautomator2Driver@862c][0m Got response with status 200: {"sessionId":"3de8d76d-6672-4d16-9dcf-0de5df8b33e3","value":{"capabilities":{"firstMatch":[{"platformName":"Android","automationName":"UiAutomator2","deviceName":"emulator-5554","appPackage":"com.app.nobrokerhood","appActivity":".activities.DoorSplashScreen","noReset":true,"udid":"emulator-5554","platform":"LINUX","webStorageEnabled":false,"takesScreenshot":true,"javascriptEnabled":true,"databaseEnabled":false,"networkConnectionEnabled":true,"locationContextEnabled":false,"warnings":{},"desired":{"platformName":"Android","automationName":"UiAutomator2","deviceName":"Android Emulator","appPackage":"com.app.nobrokerhood","appActivity":".activities.DoorSplashScreen","noReset":true,"udid":"emulator-5554"},"deviceUDID":"emulator-5554"}],"alwaysMatch":{}},"sessionId":"3de8d76d-6672-4d16-9dcf-0de5df8b33e3"}}
[38;5;164m[e693e6f2][0m[38;5;-112m[AndroidUiautomator2Driver@862c][0m Determined the downstream protocol as 'W3C'
[38;5;164m[e693e6f2][0m[38;5;-112m[AndroidUiautomator2Driver@862c][0m Proxying [GET /appium/device/pixel_ratio] to [GET http://127.0.0.1:8200/session/3de8d76d-6672-4d16-9dcf-0de5df8b33e3/appium/device/pixel_ratio] with no body
[38;5;164m[e693e6f2][0m[38;5;-112m[AndroidUiautomator2Driver@862c][0m Proxying [GET /appium/device/system_bars] to [GET http://127.0.0.1:8200/session/3de8d76d-6672-4d16-9dcf-0de5df8b33e3/appium/device/system_bars] with no body
[38;5;164m[e693e6f2][0m[38;5;-112m[AndroidUiautomator2Driver@862c][0m Proxying [GET /window/current/size] to [GET http://127.0.0.1:8200/session/3de8d76d-6672-4d16-9dcf-0de5df8b33e3/window/current/size] with no body
[38;5;164m[e693e6f2][0m[38;5;-112m[AndroidUiautomator2Driver@862c][0m Proxying [GET /appium/device/info] to [GET http://127.0.0.1:8200/session/3de8d76d-6672-4d16-9dcf-0de5df8b33e3/appium/device/info] with no body
[38;5;164m[e693e6f2][0m[38;5;229m[ADB][0m Running '/Users/predator258/Library/Android/sdk/platform-tools/adb -P 5037 -s emulator-5554 shell dumpsys window'
[38;5;164m[e693e6f2][0m[38;5;229m[ADB][0m Running '/Users/predator258/Library/Android/sdk/platform-tools/adb -P 5037 -s emulator-5554 shell dumpsys power'
[38;5;164m[e693e6f2][0m[38;5;-112m[AndroidUiautomator2Driver@862c][0m Got response with status 200: {"sessionId":"3de8d76d-6672-4d16-9dcf-0de5df8b33e3","value":2.625}
[38;5;164m[e693e6f2][0m[38;5;-112m[AndroidUiautomator2Driver@862c][0m Got response with status 200: {"sessionId":"3de8d76d-6672-4d16-9dcf-0de5df8b33e3","value":{"statusBar":136}}
[38;5;164m[e693e6f2][0m[38;5;-112m[AndroidUiautomator2Driver@862c][0m Got response with status 200: {"sessionId":"3de8d76d-6672-4d16-9dcf-0de5df8b33e3","value":{"height":2400,"width":1080}}
[38;5;164m[e693e6f2][0m[38;5;-112m[AndroidUiautomator2Driver@862c][0m Got response with status 200: {"sessionId":"3de8d76d-6672-4d16-9dcf-0de5df8b33e3","value":{"androidId":"bf1150e89bc1152a","apiVersion":"36","bluetooth":{"state":"ON"},"brand":"google","carrierName":"T-Mobile","displayDensity":420,"locale":"en_US","manufacturer":"Google","model":"sdk_gphone64_arm64","networks":[{"capabilities":{"SSID":null,"linkDownBandwidthKbps":30000,"linkUpstreamBandwidthKbps":12000,"networkCapabilities":"NET_CAPABILITY_NOT_METERED,NET_CAPABILITY_INTERNET,NET_CAPABILITY_NOT_RESTRICTED,NET_CAPABILITY_TRUSTED,NET_CAPABILITY_NOT_VPN,NET_CAPABILITY_VALIDATED,NET_CAPABILITY_NOT_ROAMING,NET_CAPABILITY_FOREGROUND,NET_CAPABILITY_NOT_CONGESTED,NET_CAPABILITY_NOT_SUSPENDED","signalStrength":-50,"transportTypes":"TRANSPORT_WIFI"},"detailedState":"CONNECTED","extraInfo":"","isAvailable":true,"isConnected":true,"isFailover":false,"isRoaming":false,"state":"CONNECTED","subtype":-1,"subtypeName":"","type":1,"typeName":"WIFI"},{"capabilities":{"SSID":null,"linkDownBandwidthKbps":14,"linkUpstreamBandwidthKbps":14,"networkCapabilities...
[38;5;164m[e693e6f2][0m[38;5;-112m[AndroidUiautomator2Driver@862c][0m Screen already unlocked, doing nothing
[38;5;164m[e693e6f2][0m[38;5;-112m[AndroidUiautomator2Driver@862c][0m Starting 'com.app.nobrokerhood/.activities.DoorSplashScreen' and waiting for 'com.app.nobrokerhood/.activities.DoorSplashScreen'
[38;5;164m[e693e6f2][0m[38;5;229m[ADB][0m Getting IDs of all 'com.app.nobrokerhood' processes
[38;5;164m[e693e6f2][0m[38;5;229m[ADB][0m Running '/Users/predator258/Library/Android/sdk/platform-tools/adb -P 5037 -s emulator-5554 shell ps --help'
[38;5;164m[e693e6f2][0m[38;5;229m[ADB][0m Running '/Users/predator258/Library/Android/sdk/platform-tools/adb -P 5037 -s emulator-5554 shell ps -A'
[38;5;164m[e693e6f2][0m[38;5;-112m[AndroidUiautomator2Driver@862c][0m 'com.app.nobrokerhood' is already running and noReset is enabled. Set forceAppLaunch capability to true if the app must be forcefully restarted on session startup.
[38;5;164m[e693e6f2][0m[38;5;216m[AppiumDriver@f303][0m New AndroidUiautomator2Driver session created successfully, session e693e6f2-566d-44a8-a97d-ad6943f9a4b4 added to master session list
[38;5;164m[e693e6f2][0m[38;5;216m[AppiumDriver@f303][0m Event 'newSessionStarted' logged at 1773307339952 (14:52:19 GMT+0530 (India Standard Time))
[38;5;164m[e693e6f2][0m[38;5;-112m[AndroidUiautomator2Driver@862c][0m Cached the protocol value 'W3C' for the new session e693e6f2-566d-44a8-a97d-ad6943f9a4b4
[38;5;164m[e693e6f2][0m[38;5;-112m[AndroidUiautomator2Driver@862c][0m Responding to client with driver.createSession() result: {"capabilities":{"platformName":"Android","automationName":"UiAutomator2","deviceName":"emulator-5554","appPackage":"com.app.nobrokerhood","appActivity":".activities.DoorSplashScreen","noReset":true,"udid":"emulator-5554","platform":"LINUX","webStorageEnabled":false,"takesScreenshot":true,"javascriptEnabled":true,"databaseEnabled":false,"networkConnectionEnabled":true,"locationContextEnabled":false,"warnings":{},"desired":{"platformName":"Android","automationName":"UiAutomator2","deviceName":"Android Emulator","appPackage":"com.app.nobrokerhood","appActivity":".activities.DoorSplashScreen","noReset":true,"udid":"emulator-5554"},"deviceUDID":"emulator-5554","pixelRatio":"2.625","statBarHeight":136,"viewportRect":{"left":0,"top":136,"width":1080,"height":2264},"deviceApiLevel":36,"platformVersion":"16","deviceManufacturer":"Google","deviceModel":"sdk_gphone64_arm64","deviceScreenSize":"1080x2400","deviceScreenDensity":420}}
[38;5;164m[e693e6f2][0m[38;5;86m[HTTP][0m [37m<-- POST /session [39m[32m200[39m [90m2235 ms - 996[39m
[38;5;164m[e693e6f2][0m[38;5;86m[HTTP][0m [37m-->[39m [37mPOST[39m [37m/session/e693e6f2-566d-44a8-a97d-ad6943f9a4b4/execute/sync[39m [90m{"script":"mobile: activateApp","args":[{"appId":"com.app.nobrokerhood","bundleId":"com.app.nobrokerhood"}]}[39m
[38;5;164m[e693e6f2][0m[38;5;-112m[AndroidUiautomator2Driver@862c][0m Calling AppiumDriver.execute() with args: ["mobile: activateApp",[{"appId":"com.app.nobrokerhood","bundleId":"com.app.nobrokerhood"}],"e693e6f2-566d-44a8-a97d-ad6943f9a4b4"]
[38;5;164m[e693e6f2][0m[38;5;123m[BaseDriver][0m The following arguments are not known and will be ignored: bundleId
[38;5;164m[e693e6f2][0m[38;5;229m[ADB][0m Activating 'com.app.nobrokerhood'
[38;5;164m[e693e6f2][0m[38;5;229m[ADB][0m Running '/Users/predator258/Library/Android/sdk/platform-tools/adb -P 5037 -s emulator-5554 shell cmd package resolve-activity --brief com.app.nobrokerhood'
[38;5;164m[e693e6f2][0m[38;5;229m[ADB][0m Running '/Users/predator258/Library/Android/sdk/platform-tools/adb -P 5037 -s emulator-5554 shell am start-activity -a android.intent.action.MAIN -c android.intent.category.LAUNCHER -f 0x10200000 -n com.app.nobrokerhood/.activities.DoorSplashScreen'
[38;5;164m[e693e6f2][0m[38;5;229m[ADB][0m Starting: Intent { act=android.intent.action.MAIN cat=[android.intent.category.LAUNCHER] flg=0x10200000 cmp=com.app.nobrokerhood/.activities.DoorSplashScreen }
[38;5;164m[e693e6f2][0m[38;5;-112m[AndroidUiautomator2Driver@862c][0m Responding to client with driver.execute() result: null
[38;5;164m[e693e6f2][0m[38;5;86m[HTTP][0m [37m<-- POST /session/e693e6f2-566d-44a8-a97d-ad6943f9a4b4/execute/sync [39m[32m200[39m [90m55 ms - 14[39m
[38;5;164m[e693e6f2][0m[38;5;-112m[AndroidUiautomator2Driver@862c][0m [Instrumentation] io.appium.uiautomator2.server.test.AppiumUiAutomator2Server:
[38;5;164m[e693e6f2][0m[38;5;160m[Logcat][0m Logcat terminated with code 255, signal null
[38;5;164m[e693e6f2][0m[38;5;-112m[AndroidUiautomator2Driver@862c][0m [Instrumentation] The process has exited with code 255, signal null
[38;5;164m[e693e6f2][0m[38;5;86m[HTTP][0m [37m-->[39m [37mPOST[39m [37m/session/e693e6f2-566d-44a8-a97d-ad6943f9a4b4/execute/sync[39m [90m{"script":"mobile: getCurrentPackage","args":[]}[39m
[38;5;164m[e693e6f2][0m[38;5;-112m[AndroidUiautomator2Driver@862c][0m Calling AppiumDriver.execute() with args: ["mobile: getCurrentPackage",[],"e693e6f2-566d-44a8-a97d-ad6943f9a4b4"]
[38;5;164m[e693e6f2][0m[38;5;229m[ADB][0m Getting focused package and activity
[38;5;164m[e693e6f2][0m[38;5;229m[ADB][0m Running '/Users/predator258/Library/Android/sdk/platform-tools/adb -P 5037 -s emulator-5554 shell dumpsys window displays'
[38;5;164m[e693e6f2][0m[38;5;-112m[AndroidUiautomator2Driver@862c][0m Responding to client with driver.execute() result: "com.app.nobrokerhood"
[38;5;164m[e693e6f2][0m[38;5;86m[HTTP][0m [37m<-- POST /session/e693e6f2-566d-44a8-a97d-ad6943f9a4b4/execute/sync [39m[32m200[39m [90m35 ms - 32[39m
[38;5;164m[e693e6f2][0m[38;5;86m[HTTP][0m [37m-->[39m [37mGET[39m [37m/session/e693e6f2-566d-44a8-a97d-ad6943f9a4b4/source[39m [90m[39m
[38;5;164m[e693e6f2][0m[38;5;-112m[AndroidUiautomator2Driver@862c][0m Driver proxy active, passing request on via HTTP proxy
[38;5;164m[e693e6f2][0m[38;5;86m[HTTP][0m [37m<-- GET /session/e693e6f2-566d-44a8-a97d-ad6943f9a4b4/source [39m[31m500[39m [90m2 ms - 2210[39m
[38;5;164m[e693e6f2][0m[38;5;86m[HTTP][0m [37m-->[39m [37mGET[39m [37m/session/e693e6f2-566d-44a8-a97d-ad6943f9a4b4/screenshot[39m [90m[39m
[38;5;164m[e693e6f2][0m[38;5;-112m[AndroidUiautomator2Driver@862c][0m Calling AppiumDriver.getScreenshot() with args: ["e693e6f2-566d-44a8-a97d-ad6943f9a4b4"]
[38;5;164m[e693e6f2][0m[38;5;-112m[AndroidUiautomator2Driver@862c][0m Encountered internal error running command: UnknownError: 'GET /screenshot' cannot be proxied to UiAutomator2 server because the instrumentation process is not running (probably crashed). Check the server log and/or the logcat output for more details
    at UIA2Proxy.command (/opt/homebrew/lib/node_modules/appium/node_modules/@appium/base-driver/build/lib/jsonwp-proxy/proxy.js:310:19)
    at process.processTicksAndRejections (node:internal/process/task_queues:104:5)
    at async AndroidUiautomator2Driver.getScreenshot (/Users/predator258/.appium/node_modules/appium-uiautomator2-driver/build/lib/commands/screenshot.js:72:19)
[38;5;164m[e693e6f2][0m[38;5;86m[HTTP][0m [37m<-- GET /session/e693e6f2-566d-44a8-a97d-ad6943f9a4b4/screenshot [39m[31m500[39m [90m1 ms - 846[39m
[38;5;164m[e693e6f2][0m[38;5;86m[HTTP][0m [37m-->[39m [37mPOST[39m [37m/session/e693e6f2-566d-44a8-a97d-ad6943f9a4b4/execute/sync[39m [90m{"script":"mobile: terminateApp","args":[{"appId":"com.app.nobrokerhood","bundleId":"com.app.nobrokerhood"}]}[39m
[38;5;164m[e693e6f2][0m[38;5;-112m[AndroidUiautomator2Driver@862c][0m Calling AppiumDriver.execute() with args: ["mobile: terminateApp",[{"appId":"com.app.nobrokerhood","bundleId":"com.app.nobrokerhood"}],"e693e6f2-566d-44a8-a97d-ad6943f9a4b4"]
[38;5;164m[e693e6f2][0m[38;5;123m[BaseDriver][0m The following arguments are not known and will be ignored: bundleId
[38;5;164m[e693e6f2][0m[38;5;-112m[AndroidUiautomator2Driver@862c][0m Terminating 'com.app.nobrokerhood'
[38;5;164m[e693e6f2][0m[38;5;229m[ADB][0m Getting IDs of all 'com.app.nobrokerhood' package
[38;5;164m[e693e6f2][0m[38;5;229m[ADB][0m Running '/Users/predator258/Library/Android/sdk/platform-tools/adb -P 5037 -s emulator-5554 shell dumpsys activity processes'
[38;5;164m[e693e6f2][0m[38;5;229m[ADB][0m Running '/Users/predator258/Library/Android/sdk/platform-tools/adb -P 5037 -s emulator-5554 shell am force-stop com.app.nobrokerhood'
[38;5;164m[e693e6f2][0m[38;5;-112m[AndroidUiautomator2Driver@862c][0m Querying the state of 'com.app.nobrokerhood'
[38;5;164m[e693e6f2][0m[38;5;229m[ADB][0m Getting install status for com.app.nobrokerhood
[38;5;164m[e693e6f2][0m[38;5;229m[ADB][0m Running '/Users/predator258/Library/Android/sdk/platform-tools/adb -P 5037 -s emulator-5554 shell cmd package list packages --show-versioncode'
[38;5;164m[e693e6f2][0m[38;5;229m[ADB][0m 'com.app.nobrokerhood' is installed
[38;5;164m[e693e6f2][0m[38;5;229m[ADB][0m Getting IDs of all 'com.app.nobrokerhood' package
[38;5;164m[e693e6f2][0m[38;5;229m[ADB][0m Running '/Users/predator258/Library/Android/sdk/platform-tools/adb -P 5037 -s emulator-5554 shell dumpsys activity processes'
[38;5;164m[e693e6f2][0m[38;5;-112m[AndroidUiautomator2Driver@862c][0m 'com.app.nobrokerhood' has been successfully terminated
[38;5;164m[e693e6f2][0m[38;5;-112m[AndroidUiautomator2Driver@862c][0m Responding to client with driver.execute() result: true
[38;5;164m[e693e6f2][0m[38;5;86m[HTTP][0m [37m<-- POST /session/e693e6f2-566d-44a8-a97d-ad6943f9a4b4/execute/sync [39m[32m200[39m [90m191 ms - 14[39m
[38;5;164m[e693e6f2][0m[38;5;86m[HTTP][0m [37m-->[39m [37mDELETE[39m [37m/session/e693e6f2-566d-44a8-a97d-ad6943f9a4b4[39m [90m[39m
[38;5;164m[e693e6f2][0m[38;5;-112m[AndroidUiautomator2Driver@862c][0m Calling AppiumDriver.deleteSession() with args: ["e693e6f2-566d-44a8-a97d-ad6943f9a4b4"]
[38;5;164m[e693e6f2][0m[38;5;216m[AppiumDriver@f303][0m Event 'quitSessionRequested' logged at 1773307346276 (14:52:26 GMT+0530 (India Standard Time))
[38;5;164m[e693e6f2][0m[38;5;216m[AppiumDriver@f303][0m Removing session e693e6f2-566d-44a8-a97d-ad6943f9a4b4 from our master session list
[38;5;164m[e693e6f2][0m[38;5;-112m[AndroidUiautomator2Driver@862c][0m Deleting UiAutomator2 session
[38;5;164m[e693e6f2][0m[38;5;-112m[AndroidUiautomator2Driver@862c][0m Deleting UiAutomator2 server session
[38;5;164m[e693e6f2][0m[38;5;-112m[AndroidUiautomator2Driver@862c][0m Did not get the confirmation of UiAutomator2 server session deletion. Original error: 'DELETE /' cannot be proxied to UiAutomator2 server because the instrumentation process is not running (probably crashed). Check the server log and/or the logcat output for more details
[38;5;164m[e693e6f2][0m[38;5;229m[ADB][0m Getting IDs of all 'io.appium.uiautomator2.server' processes
[38;5;164m[e693e6f2][0m[38;5;229m[ADB][0m Running '/Users/predator258/Library/Android/sdk/platform-tools/adb -P 5037 -s emulator-5554 shell ps -A'
[38;5;164m[e693e6f2][0m[38;5;229m[ADB][0m Getting IDs of all 'io.appium.uiautomator2.server' processes
[38;5;164m[e693e6f2][0m[38;5;229m[ADB][0m Running '/Users/predator258/Library/Android/sdk/platform-tools/adb -P 5037 -s emulator-5554 shell ps -A'
[38;5;164m[e693e6f2][0m[38;5;229m[ADB][0m Getting IDs of all 'io.appium.uiautomator2.server' processes
[38;5;164m[e693e6f2][0m[38;5;229m[ADB][0m Running '/Users/predator258/Library/Android/sdk/platform-tools/adb -P 5037 -s emulator-5554 shell ps -A'
[38;5;164m[e693e6f2][0m[38;5;229m[ADB][0m Getting IDs of all 'io.appium.uiautomator2.server' processes
[38;5;164m[e693e6f2][0m[38;5;229m[ADB][0m Running '/Users/predator258/Library/Android/sdk/platform-tools/adb -P 5037 -s emulator-5554 shell ps -A'
[38;5;164m[e693e6f2][0m[38;5;229m[ADB][0m Getting IDs of all 'io.appium.uiautomator2.server' processes
[38;5;164m[e693e6f2][0m[38;5;229m[ADB][0m Running '/Users/predator258/Library/Android/sdk/platform-tools/adb -P 5037 -s emulator-5554 shell ps -A'
[38;5;164m[e693e6f2][0m[38;5;229m[ADB][0m Getting IDs of all 'io.appium.uiautomator2.server' processes
[38;5;164m[e693e6f2][0m[38;5;229m[ADB][0m Running '/Users/predator258/Library/Android/sdk/platform-tools/adb -P 5037 -s emulator-5554 shell ps -A'
[38;5;164m[e693e6f2][0m[38;5;229m[ADB][0m Getting IDs of all 'io.appium.uiautomator2.server' processes
[38;5;164m[e693e6f2][0m[38;5;229m[ADB][0m Running '/Users/predator258/Library/Android/sdk/platform-tools/adb -P 5037 -s emulator-5554 shell ps -A'
[38;5;164m[e693e6f2][0m[38;5;229m[ADB][0m Getting IDs of all 'io.appium.uiautomator2.server' processes
[38;5;164m[e693e6f2][0m[38;5;229m[ADB][0m Running '/Users/predator258/Library/Android/sdk/platform-tools/adb -P 5037 -s emulator-5554 shell ps -A'
[38;5;164m[e693e6f2][0m[38;5;229m[ADB][0m Getting IDs of all 'io.appium.uiautomator2.server' processes
[38;5;164m[e693e6f2][0m[38;5;229m[ADB][0m Running '/Users/predator258/Library/Android/sdk/platform-tools/adb -P 5037 -s emulator-5554 shell ps -A'
[38;5;164m[e693e6f2][0m[38;5;229m[ADB][0m Getting IDs of all 'io.appium.uiautomator2.server' processes
[38;5;164m[e693e6f2][0m[38;5;229m[ADB][0m Running '/Users/predator258/Library/Android/sdk/platform-tools/adb -P 5037 -s emulator-5554 shell ps -A'
[38;5;164m[e693e6f2][0m[38;5;229m[ADB][0m Getting IDs of all 'io.appium.uiautomator2.server' processes
[38;5;164m[e693e6f2][0m[38;5;229m[ADB][0m Running '/Users/predator258/Library/Android/sdk/platform-tools/adb -P 5037 -s emulator-5554 shell ps -A'
[38;5;164m[e693e6f2][0m[38;5;229m[ADB][0m Getting IDs of all 'io.appium.uiautomator2.server' processes
[38;5;164m[e693e6f2][0m[38;5;229m[ADB][0m Running '/Users/predator258/Library/Android/sdk/platform-tools/adb -P 5037 -s emulator-5554 shell ps -A'
[38;5;164m[e693e6f2][0m[38;5;229m[ADB][0m Getting IDs of all 'io.appium.uiautomator2.server' processes
[38;5;164m[e693e6f2][0m[38;5;229m[ADB][0m Running '/Users/predator258/Library/Android/sdk/platform-tools/adb -P 5037 -s emulator-5554 shell ps -A'
[38;5;164m[e693e6f2][0m[38;5;229m[ADB][0m Getting IDs of all 'io.appium.uiautomator2.server' processes
[38;5;164m[e693e6f2][0m[38;5;229m[ADB][0m Running '/Users/predator258/Library/Android/sdk/platform-tools/adb -P 5037 -s emulator-5554 shell ps -A'
[38;5;164m[e693e6f2][0m[38;5;229m[ADB][0m Getting IDs of all 'io.appium.uiautomator2.server' processes
[38;5;164m[e693e6f2][0m[38;5;229m[ADB][0m Running '/Users/predator258/Library/Android/sdk/platform-tools/adb -P 5037 -s emulator-5554 shell ps -A'
[38;5;164m[e693e6f2][0m[38;5;229m[ADB][0m Getting IDs of all 'io.appium.uiautomator2.server' processes
[38;5;164m[e693e6f2][0m[38;5;229m[ADB][0m Running '/Users/predator258/Library/Android/sdk/platform-tools/adb -P 5037 -s emulator-5554 shell ps -A'
[38;5;164m[e693e6f2][0m[38;5;-112m[AndroidUiautomator2Driver@862c][0m The UIA2 server has not been terminated within 5000ms timeout. Continuing anyway
[38;5;164m[e693e6f2][0m[38;5;229m[ADB][0m Running '/Users/predator258/Library/Android/sdk/platform-tools/adb -P 5037 -s emulator-5554 shell am force-stop io.appium.uiautomator2.server'
[38;5;164m[e693e6f2][0m[38;5;229m[ADB][0m Running '/Users/predator258/Library/Android/sdk/platform-tools/adb -P 5037 -s emulator-5554 shell am force-stop io.appium.uiautomator2.server.test'
[38;5;164m[e693e6f2][0m[38;5;229m[ADB][0m Running '/Users/predator258/Library/Android/sdk/platform-tools/adb -P 5037 -s emulator-5554 shell dumpsys activity services io.appium.settings/.recorder.RecorderService'
[38;5;164m[e693e6f2][0m[38;5;229m[ADB][0m Removing forwarded port socket connection: 8200 
[38;5;164m[e693e6f2][0m[38;5;229m[ADB][0m Running '/Users/predator258/Library/Android/sdk/platform-tools/adb -P 5037 -s emulator-5554 forward --remove tcp:8200'
[38;5;164m[e693e6f2][0m[38;5;-112m[AndroidUiautomator2Driver@862c][0m Unable to remove system port forward: Error executing adbExec. Original error: 'Command '/Users/predator258/Library/Android/sdk/platform-tools/adb -P 5037 -s emulator-5554 forward --remove tcp\:8200' exited with code 1'; Command output: adb: error: listener 'tcp:8200' not found

[38;5;164m[e693e6f2][0m[38;5;-112m[AndroidUiautomator2Driver@862c][0m Restoring hidden api policy to the device default configuration
[38;5;164m[e693e6f2][0m[38;5;229m[ADB][0m Running '/Users/predator258/Library/Android/sdk/platform-tools/adb -P 5037 -s emulator-5554 shell 'settings delete global hidden_api_policy_pre_p_apps;settings delete global hidden_api_policy_p_apps;settings delete global hidden_api_policy''
[38;5;164m[e693e6f2][0m[38;5;160m[Logcat][0m Stopping logcat capture
[38;5;164m[e693e6f2][0m[38;5;160m[Logcat][0m Logcat already stopped
[38;5;164m[e693e6f2][0m[38;5;216m[AppiumDriver@f303][0m Event 'quitSessionFinished' logged at 1773307351387 (14:52:31 GMT+0530 (India Standard Time))
[38;5;164m[e693e6f2][0m[38;5;216m[AppiumDriver@f303][0m Received response: null
[38;5;164m[e693e6f2][0m[38;5;216m[AppiumDriver@f303][0m But deleting session, so not returning
[38;5;164m[e693e6f2][0m[38;5;216m[AppiumDriver@f303][0m Responding to client with driver.deleteSession() result: null
[38;5;164m[e693e6f2][0m[38;5;86m[HTTP][0m [37m<-- DELETE /session/e693e6f2-566d-44a8-a97d-ad6943f9a4b4 [39m[32m200[39m [90m5111 ms - 14[39m
[38;5;112m[Appium][0m Received SIGTERM - shutting down
[38;5;216m[AppiumDriver@f303][0m There are no active sessions for cleanup
[38;5;86m[HTTP][0m Closing Appium HTTP server
[38;5;86m[HTTP][0m Appium HTTP server has been successfully closed after 0ms
