[2026-03-13 08:24:41] Run started
[2026-03-13 08:24:41] Run log: /Users/predator258/NoBrok_Automation/logs/runs/run_20260313_082441.log
[2026-03-13 08:24:41] Mode: hot
[2026-03-13 08:24:41] Lock acquired
[2026-03-13 08:24:41] ANDROID_HOME=/Users/predator258/Library/Android/sdk
[2026-03-13 08:24:41] Emulator detected: emulator-5554
[2026-03-13 08:24:41] ANDROID_SERIAL pinned to emulator-5554
[2026-03-13 08:24:41] Waiting for boot completion
[2026-03-13 08:24:41] Emulator boot completed
[2026-03-13 08:24:41] Waking and unlocking emulator
[2026-03-13 08:24:43] Emulator unlock sequence done
[2026-03-13 08:24:43] Appium already running on 127.0.0.1:4723
[2026-03-13 08:24:43] Appium ready
[2026-03-13 08:24:43] Verifying emulator adb stability before Python launch
[2026-03-13 08:24:45] Emulator adb is stable (3 consecutive shell probes)
[2026-03-13 08:24:45] Launching python automation
No slots found: window=Evening, court=Lawn Tennis Parcel 5
No slots found: window=Evening, court=Lawn Tennis Parcel 6
Capacity label: (Capacity remaining: 2 persons)
Parsed capacity: 2
Rejected combo due to capacity: window=Morning, slot=08:00 - 09:00, court=Lawn Tennis Parcel 5, capacity=2
Dismissed unavailable-slot popup: Got it
Unavailable combo: window=Morning, slot=07:00 - 08:00, court=Lawn Tennis Parcel 5
Capacity label: (Capacity remaining: 1 person)
Parsed capacity: 1
Rejected combo due to capacity: window=Morning, slot=08:00 - 09:00, court=Lawn Tennis Parcel 6, capacity=1
Dismissed unavailable-slot popup: Got it
Unavailable combo: window=Morning, slot=07:00 - 08:00, court=Lawn Tennis Parcel 6
Screenshot saved: screenshots/failure/flow_exception_20260313_082510.png
[FAILED] No preferred window/slot/court combo found. Mapping={'Evening': ['08:00 - 09:00', '09:00 - 10:00'], 'Morning': ['08:00 - 09:00', '07:00 - 08:00']}, Courts=['Lawn Tennis Parcel 5', 'Lawn Tennis Parcel 6'] (after 25.05s)
[2026-03-13 08:25:11] Shutting down emulator: emulator-5554
[2026-03-13 08:25:11] Shutting down Appium: pid=30050
[2026-03-13 08:25:12] Total run time: 30s (00:00:30)
[2026-03-13 08:25:12] Lock removed
