[2026-03-13 08:14:12] Run started
[2026-03-13 08:14:12] Run log: /Users/predator258/NoBrok_Automation/logs/runs/run_20260313_081412.log
[2026-03-13 08:14:12] Mode: prewarm
[2026-03-13 08:14:12] Lock acquired
[2026-03-13 08:14:12] ANDROID_HOME=/Users/predator258/Library/Android/sdk
[2026-03-13 08:14:12] No running emulator detected. Starting AVD: Pixel_7
[2026-03-13 08:14:22] Emulator detected: emulator-5554
[2026-03-13 08:14:22] ANDROID_SERIAL pinned to emulator-5554
[2026-03-13 08:14:22] Waiting for boot completion
[2026-03-13 08:14:25] Emulator boot completed
[2026-03-13 08:14:25] Stabilizing emulator for 5s
[2026-03-13 08:14:30] Waking and unlocking emulator
[2026-03-13 08:14:32] Emulator unlock sequence done
[2026-03-13 08:14:32] Starting Appium on 127.0.0.1:4723
[2026-03-13 08:14:32] Appium pid=28543 log=/Users/predator258/NoBrok_Automation/logs/appium/appium_20260313_081412.log
[2026-03-13 08:14:32] Waiting for Appium... 60s left
[2026-03-13 08:14:34] Stabilizing Appium for 5s
[2026-03-13 08:14:39] Appium ready
[2026-03-13 08:14:39] Verifying emulator adb stability before Python launch
[2026-03-13 08:14:41] Emulator adb is stable (3 consecutive shell probes)
[2026-03-13 08:14:41] Launching python automation
[SUCCESS] Prewarm complete. Booking screen ready. Time: 16.65s
[2026-03-13 08:14:59] Run finished successfully
[2026-03-13 08:14:59] Preserving emulator and Appium for warmed run
[2026-03-13 08:14:59] Total run time: 47s (00:00:47)
[2026-03-13 08:14:59] Lock removed
