[2026-03-13 08:21:25] Run started
[2026-03-13 08:21:25] Run log: /Users/predator258/NoBrok_Automation/logs/runs/run_20260313_082125.log
[2026-03-13 08:21:25] Mode: prewarm
[2026-03-13 08:21:25] Lock acquired
[2026-03-13 08:21:25] ANDROID_HOME=/Users/predator258/Library/Android/sdk
[2026-03-13 08:21:25] No running emulator detected. Starting AVD: Pixel_7
[2026-03-13 08:21:33] Emulator detected: emulator-5554
[2026-03-13 08:21:33] ANDROID_SERIAL pinned to emulator-5554
[2026-03-13 08:21:33] Waiting for boot completion
[2026-03-13 08:21:35] Emulator boot completed
[2026-03-13 08:21:35] Stabilizing emulator for 5s
[2026-03-13 08:21:40] Waking and unlocking emulator
[2026-03-13 08:21:42] Emulator unlock sequence done
[2026-03-13 08:21:42] Starting Appium on 127.0.0.1:4723
[2026-03-13 08:21:42] Appium pid=29538 log=/Users/predator258/NoBrok_Automation/logs/appium/appium_20260313_082125.log
[2026-03-13 08:21:42] Waiting for Appium... 60s left
[2026-03-13 08:21:44] Stabilizing Appium for 5s
[2026-03-13 08:21:49] Appium ready
[2026-03-13 08:21:49] Verifying emulator adb stability before Python launch
[2026-03-13 08:21:52] Emulator adb is stable (3 consecutive shell probes)
[2026-03-13 08:21:52] Launching python automation
[SUCCESS] Prewarm complete. Booking screen ready. Time: 18.85s
[2026-03-13 08:22:11] Run finished successfully
[2026-03-13 08:22:11] Preserving emulator and Appium for warmed run
[2026-03-13 08:22:11] Total run time: 46s (00:00:46)
[2026-03-13 08:22:11] Lock removed
