[2026-03-13 07:42:55] Run started
[2026-03-13 07:42:55] Run log: /Users/predator258/NoBrok_Automation/logs/runs/run_20260313_074255.log
[2026-03-13 07:42:55] Mode: prewarm
[2026-03-13 07:42:55] Lock acquired
[2026-03-13 07:42:55] ANDROID_HOME=/Users/predator258/Library/Android/sdk
[2026-03-13 07:42:55] Emulator detected: emulator-5554
[2026-03-13 07:42:55] ANDROID_SERIAL pinned to emulator-5554
[2026-03-13 07:42:55] Waiting for boot completion
[2026-03-13 07:42:55] Emulator boot completed
[2026-03-13 07:42:55] Waking and unlocking emulator
[2026-03-13 07:42:57] Emulator unlock sequence done
[2026-03-13 07:42:57] Appium already running on 127.0.0.1:4723
[2026-03-13 07:42:57] Appium ready
[2026-03-13 07:42:57] Verifying emulator adb stability before Python launch
[2026-03-13 07:42:59] Emulator adb is stable (3 consecutive shell probes)
[2026-03-13 07:42:59] Launching python automation
[SUCCESS] Prewarm complete. Booking screen ready. Time: 17.28s
[2026-03-13 07:43:17] Run finished successfully
[2026-03-13 07:43:17] Preserving emulator and Appium for warmed run
[2026-03-13 07:43:17] Total run time: 22s (00:00:22)
[2026-03-13 07:43:17] Lock removed
