[2026-03-13 08:46:52] Run started
[2026-03-13 08:46:52] Run log: /Users/predator258/NoBrok_Automation/logs/runs/run_20260313_084652.log
[2026-03-13 08:46:52] Mode: hot
[2026-03-13 08:46:52] Lock acquired
[2026-03-13 08:46:52] ANDROID_HOME=/Users/predator258/Library/Android/sdk
[2026-03-13 08:46:52] Emulator detected: emulator-5554
[2026-03-13 08:46:52] ANDROID_SERIAL pinned to emulator-5554
[2026-03-13 08:46:52] Waiting for boot completion
[2026-03-13 08:46:52] Emulator boot completed
[2026-03-13 08:46:52] Waking and unlocking emulator
[2026-03-13 08:46:55] Emulator unlock sequence done
[2026-03-13 08:46:55] Appium already running on 127.0.0.1:4723
[2026-03-13 08:46:55] Appium ready
[2026-03-13 08:46:55] Verifying emulator adb stability before Python launch
[2026-03-13 08:46:57] Emulator adb is stable (3 consecutive shell probes)
[2026-03-13 08:46:57] Launching python automation
No slots found: window=Evening, court=Lawn Tennis Parcel 5
No slots found: window=Evening, court=Lawn Tennis Parcel 6
Screenshot saved: screenshots/failure/flow_exception_20260313_084707.png
[FAILED] No preferred window/slot/court combo found. Mapping={'Evening': ['08:00 - 09:00', '09:00 - 10:00']}, Courts=['Lawn Tennis Parcel 5', 'Lawn Tennis Parcel 6'] (after 9.90s)
[2026-03-13 08:47:07] Shutting down emulator: emulator-5554
[2026-03-13 08:47:07] Shutting down Appium: pid=32392
[2026-03-13 08:47:08] Total run time: 15s (00:00:15)
[2026-03-13 08:47:08] Lock removed
