[2026-03-12 14:41:48] Run started
[2026-03-12 14:41:48] Run log: /Users/predator258/nobrokerhood/logs/runs/run_20260312_144148.log
[2026-03-12 14:41:48] Lock acquired
[2026-03-12 14:41:48] ANDROID_HOME=/Users/predator258/Library/Android/sdk
[2026-03-12 14:41:48] No running emulator detected. Starting AVD: Pixel_7
[2026-03-12 14:42:03] Emulator detected: emulator-5554
[2026-03-12 14:42:03] ANDROID_SERIAL pinned to emulator-5554
[2026-03-12 14:42:03] Waiting for boot completion
[2026-03-12 14:42:07] Emulator boot completed
[2026-03-12 14:42:07] Stabilizing emulator for 5s
[2026-03-12 14:42:12] Waking and unlocking emulator
[2026-03-12 14:42:14] Emulator unlock sequence done
[2026-03-12 14:42:14] Starting Appium on 127.0.0.1:4723
[2026-03-12 14:42:14] Appium pid=6727 log=/Users/predator258/nobrokerhood/logs/appium/appium_20260312_144148.log
[2026-03-12 14:42:14] Waiting for Appium... 60s left
[2026-03-12 14:42:16] Stabilizing Appium for 5s
[2026-03-12 14:42:21] Appium ready
[2026-03-12 14:42:21] Verifying emulator device state before Python launch
[2026-03-12 14:42:22] Emulator state is online: device
[2026-03-12 14:42:22] Launching python automation
Dismissed unavailable-slot popup: Got it
Unavailable combo: slot=09:00 - 10:00, court=Lawn Tennis Parcel 5
Selected slot/court: 09:00 - 10:00 | Lawn Tennis Parcel 6
Capacity label: (Capacity remaining: 4 persons)
Parsed capacity: 4
Clicked: My Family
Already checked: Parag
Checked: Sayel Chakraborty
Checked: Manav Grover
Clicked: Add
Booking success message not detected.
Screenshot saved: screenshots/failure/flow_exception_20260312_144305.png
[FAILED] Booking confirmation message not detected. (after 42.84s)
[2026-03-12 14:43:06] Shutting down emulator: emulator-5554
[2026-03-12 14:43:06] Shutting down Appium: pid=6727
[2026-03-12 14:43:07] Total run time: 78s (00:01:18)
