[2026-03-13 08:37:12] Run started
[2026-03-13 08:37:12] Run log: /Users/predator258/NoBrok_Automation/logs/runs/run_20260313_083712.log
[2026-03-13 08:37:12] Mode: prewarm
[2026-03-13 08:37:12] Lock acquired
[2026-03-13 08:37:12] ANDROID_HOME=/Users/predator258/Library/Android/sdk
[2026-03-13 08:37:12] No running emulator detected. Starting AVD: Pixel_7
[2026-03-13 08:37:22] Emulator detected: emulator-5554
[2026-03-13 08:37:22] ANDROID_SERIAL pinned to emulator-5554
[2026-03-13 08:37:22] Waiting for boot completion
[2026-03-13 08:37:24] Emulator boot completed
[2026-03-13 08:37:24] Stabilizing emulator for 5s
[2026-03-13 08:37:29] Waking and unlocking emulator
[2026-03-13 08:37:31] Emulator unlock sequence done
[2026-03-13 08:37:31] Starting Appium on 127.0.0.1:4723
[2026-03-13 08:37:31] Appium pid=31403 log=/Users/predator258/NoBrok_Automation/logs/appium/appium_20260313_083712.log
[2026-03-13 08:37:31] Waiting for Appium... 60s left
[2026-03-13 08:37:33] Stabilizing Appium for 5s
[2026-03-13 08:37:38] Appium ready
[2026-03-13 08:37:38] Verifying emulator adb stability before Python launch
[2026-03-13 08:37:40] Emulator adb is stable (3 consecutive shell probes)
[2026-03-13 08:37:40] Launching python automation
[SUCCESS] Prewarm complete. Booking screen ready. Time: 16.70s
[2026-03-13 08:37:58] Run finished successfully
[2026-03-13 08:37:58] Preserving emulator and Appium for warmed run
[2026-03-13 08:37:58] Total run time: 46s (00:00:46)
[2026-03-13 08:37:58] Lock removed
