[2026-03-13 08:19:42] Run started
[2026-03-13 08:19:42] Run log: /Users/predator258/NoBrok_Automation/logs/runs/run_20260313_081942.log
[2026-03-13 08:19:42] Mode: prewarm
[2026-03-13 08:19:42] Lock acquired
[2026-03-13 08:19:42] ANDROID_HOME=/Users/predator258/Library/Android/sdk
[2026-03-13 08:19:42] Emulator detected: emulator-5554
[2026-03-13 08:19:42] ANDROID_SERIAL pinned to emulator-5554
[2026-03-13 08:19:42] Waiting for boot completion
[2026-03-13 08:19:42] Emulator boot completed
[2026-03-13 08:19:42] Waking and unlocking emulator
[2026-03-13 08:19:45] Emulator unlock sequence done
[2026-03-13 08:19:45] Appium already running on 127.0.0.1:4723
[2026-03-13 08:19:45] Appium ready
[2026-03-13 08:19:45] Verifying emulator adb stability before Python launch
[2026-03-13 08:19:47] Emulator adb is stable (3 consecutive shell probes)
[2026-03-13 08:19:47] Launching python automation
Screenshot saved: screenshots/failure/prewarm_exception_20260313_082020.png
[FAILED] Failed click after 2 retries for locator: ('accessibility id', 'Society') (after 33.46s)
[2026-03-13 08:20:21] Preserving emulator and Appium for warmed run
[2026-03-13 08:20:21] Total run time: 39s (00:00:39)
[2026-03-13 08:20:21] Lock removed
