[2026-03-12 14:48:01] Run started
[2026-03-12 14:48:01] Run log: /Users/predator258/nobrokerhood/logs/runs/run_20260312_144801.log
[2026-03-12 14:48:01] Lock acquired
[2026-03-12 14:48:01] ANDROID_HOME=/Users/predator258/Library/Android/sdk
[2026-03-12 14:48:01] No running emulator detected. Starting AVD: Pixel_7
[2026-03-12 14:48:13] Emulator detected: emulator-5554
[2026-03-12 14:48:13] ANDROID_SERIAL pinned to emulator-5554
[2026-03-12 14:48:13] Waiting for boot completion
[2026-03-12 14:48:17] Emulator boot completed
[2026-03-12 14:48:17] Stabilizing emulator for 5s
[2026-03-12 14:48:22] Waking and unlocking emulator
[2026-03-12 14:48:24] Emulator unlock sequence done
[2026-03-12 14:48:24] Starting Appium on 127.0.0.1:4723
[2026-03-12 14:48:24] Appium pid=8398 log=/Users/predator258/nobrokerhood/logs/appium/appium_20260312_144801.log
[2026-03-12 14:48:24] Waiting for Appium... 60s left
[2026-03-12 14:48:27] Stabilizing Appium for 5s
[2026-03-12 14:48:32] Appium ready
[2026-03-12 14:48:32] Verifying emulator device state before Python launch
[2026-03-12 14:48:32] Emulator state is online: device
[2026-03-12 14:48:32] Launching python automation
Dismissed unavailable-slot popup: Got it
Unavailable combo: slot=09:00 - 10:00, court=Lawn Tennis Parcel 5
Selected slot/court: 09:00 - 10:00 | Lawn Tennis Parcel 6
Capacity label: (Capacity remaining: 4 persons)
Parsed capacity: 4
Clicked: My Family
Already checked: Parag
Checked: Sayel Chakraborty
Checked: Manav Grover
Clicked: Add
Booking success message not detected.
Screenshot saved: screenshots/failure/flow_exception_20260312_144915.png
[FAILED] Booking confirmation message not detected. (after 42.75s)
[2026-03-12 14:49:16] Shutting down emulator: emulator-5554
[2026-03-12 14:49:16] Shutting down Appium: pid=8398
[2026-03-12 14:49:17] Total run time: 75s (00:01:15)
