[2026-03-13 07:36:04] Run started
[2026-03-13 07:36:04] Run log: /Users/predator258/NoBrok_Automation/logs/runs/run_20260313_073604.log
[2026-03-13 07:36:04] Mode: prewarm
[2026-03-13 07:36:04] Lock acquired
[2026-03-13 07:36:04] ANDROID_HOME=/Users/predator258/Library/Android/sdk
[2026-03-13 07:36:04] No running emulator detected. Starting AVD: Pixel_7
[2026-03-13 07:36:13] Emulator detected: emulator-5554
[2026-03-13 07:36:13] ANDROID_SERIAL pinned to emulator-5554
[2026-03-13 07:36:13] Waiting for boot completion
[2026-03-13 07:36:17] Emulator boot completed
[2026-03-13 07:36:17] Stabilizing emulator for 5s
[2026-03-13 07:36:22] Waking and unlocking emulator
[2026-03-13 07:36:24] Emulator unlock sequence done
[2026-03-13 07:36:24] Starting Appium on 127.0.0.1:4723
[2026-03-13 07:36:24] Appium pid=24321 log=/Users/predator258/NoBrok_Automation/logs/appium/appium_20260313_073604.log
[2026-03-13 07:36:24] Waiting for Appium... 60s left
[2026-03-13 07:36:26] Stabilizing Appium for 5s
[2026-03-13 07:36:31] Appium ready
[2026-03-13 07:36:31] Verifying emulator device state before Python launch
[2026-03-13 07:36:31] Emulator state is online: device
[2026-03-13 07:36:31] Launching python automation
[SUCCESS] Prewarm complete. Booking screen ready. Time: 16.66s
[2026-03-13 07:36:48] Run finished successfully
[2026-03-13 07:36:49] Preserving emulator and Appium for warmed run
[2026-03-13 07:36:49] Total run time: 44s (00:00:44)
[2026-03-13 07:36:49] Lock removed
