[2026-03-12 13:05:14] Run started
[2026-03-12 13:05:14] Run log: /Users/predator258/Desktop/DSA Practice/JS/nobrokerhood/logs/runs/run_20260312_130514.log
[2026-03-12 13:05:14] Lock acquired
[2026-03-12 13:05:14] ANDROID_HOME=/Users/predator258/Library/Android/sdk
[2026-03-12 13:05:14] No running emulator detected. Starting AVD: Pixel_7
[2026-03-12 13:05:24] Emulator detected: emulator-5554
[2026-03-12 13:05:24] ANDROID_SERIAL pinned to emulator-5554
[2026-03-12 13:05:24] Waiting for boot completion
[2026-03-12 13:05:26] Emulator boot completed
[2026-03-12 13:05:26] Stabilizing emulator for 5s
[2026-03-12 13:05:31] Waking and unlocking emulator
[2026-03-12 13:05:33] Emulator unlock sequence done
[2026-03-12 13:05:33] Starting Appium on 127.0.0.1:4723
[2026-03-12 13:05:33] Appium pid=63665 log=/Users/predator258/Desktop/DSA Practice/JS/nobrokerhood/logs/appium/appium_20260312_130514.log
[2026-03-12 13:05:33] Waiting for Appium... 60s left
[2026-03-12 13:05:35] Stabilizing Appium for 5s
[2026-03-12 13:05:40] Appium ready
[2026-03-12 13:05:40] Verifying emulator device state before Python launch
[2026-03-12 13:05:40] Emulator state is online: device
[2026-03-12 13:05:40] Launching python automation
Dismissed unavailable-slot popup: Got it
Unavailable combo: slot=09:00 - 10:00, court=Lawn Tennis Parcel 5
Selected slot/court: 09:00 - 10:00 | Lawn Tennis Parcel 6
Capacity label: (Capacity remaining: 4 persons)
Parsed capacity: 4
Clicked: My Family
Already checked: Parag
Checked: Sayel Chakraborty
Checked: Manav Grover
Clicked: Add
Booking success message not detected.
Screenshot saved: screenshots/failure/flow_exception_20260312_130634.png
[FAILED] Booking confirmation message not detected. (after 53.68s)
[2026-03-12 13:06:36] Shutting down emulator: emulator-5554
[2026-03-12 13:06:36] Shutting down Appium: pid=63665
[2026-03-12 13:06:37] Total run time: 82s (00:01:22)
[2026-03-12 13:06:37] Lock removed
