[2026-03-13 07:33:26] Run started
[2026-03-13 07:33:26] Run log: /Users/predator258/NoBrok_Automation/logs/runs/run_20260313_073326.log
[2026-03-13 07:33:26] Mode: hot
[2026-03-13 07:33:26] Lock acquired
[2026-03-13 07:33:26] ANDROID_HOME=/Users/predator258/Library/Android/sdk
[2026-03-13 07:33:26] Emulator detected: emulator-5554
[2026-03-13 07:33:26] ANDROID_SERIAL pinned to emulator-5554
[2026-03-13 07:33:26] Waiting for boot completion
[2026-03-13 07:33:26] Emulator boot completed
[2026-03-13 07:33:26] Waking and unlocking emulator
[2026-03-13 07:33:28] Emulator unlock sequence done
[2026-03-13 07:33:28] Appium already running on 127.0.0.1:4723
[2026-03-13 07:33:28] Appium ready
[2026-03-13 07:33:28] Verifying emulator device state before Python launch
[2026-03-13 07:33:28] Emulator state is online: device
[2026-03-13 07:33:28] Launching python automation
Unavailable combo: window=Evening, slot=08:00 - 09:00, court=Lawn Tennis Parcel 5
Unavailable combo: window=Evening, slot=08:00 - 09:00, court=Lawn Tennis Parcel 6
Unavailable combo: window=Evening, slot=09:00 - 10:00, court=Lawn Tennis Parcel 5
Unavailable combo: window=Evening, slot=09:00 - 10:00, court=Lawn Tennis Parcel 6
Screenshot saved: screenshots/failure/flow_exception_20260313_073407.png
[FAILED] No preferred window/slot/court combo found. Mapping={'Evening': ['08:00 - 09:00', '09:00 - 10:00']}, Courts=['Lawn Tennis Parcel 5', 'Lawn Tennis Parcel 6'] (after 39.14s)
[2026-03-13 07:34:09] Shutting down emulator: emulator-5554
[2026-03-13 07:34:09] Shutting down Appium: pid=23706
[2026-03-13 07:34:10] Total run time: 43s (00:00:43)
[2026-03-13 07:34:10] Lock removed
