[2026-03-13 07:40:09] Run started
[2026-03-13 07:40:09] Run log: /Users/predator258/NoBrok_Automation/logs/runs/run_20260313_074009.log
[2026-03-13 07:40:09] Mode: hot
[2026-03-13 07:40:09] Lock acquired
[2026-03-13 07:40:09] ANDROID_HOME=/Users/predator258/Library/Android/sdk
[2026-03-13 07:40:09] Emulator detected: emulator-5554
[2026-03-13 07:40:09] ANDROID_SERIAL pinned to emulator-5554
[2026-03-13 07:40:09] Waiting for boot completion
[2026-03-13 07:40:09] Emulator boot completed
[2026-03-13 07:40:09] Waking and unlocking emulator
[2026-03-13 07:40:11] Emulator unlock sequence done
[2026-03-13 07:40:11] Appium already running on 127.0.0.1:4723
[2026-03-13 07:40:11] Appium ready
[2026-03-13 07:40:11] Verifying emulator device state before Python launch
[2026-03-13 07:40:11] Emulator state is online: device
[2026-03-13 07:40:11] Launching python automation
No slots found: window=Evening, court=Lawn Tennis Parcel 5
No slots found: window=Evening, court=Lawn Tennis Parcel 6
Screenshot saved: screenshots/failure/flow_exception_20260313_074024.png
[FAILED] No preferred window/slot/court combo found. Mapping={'Evening': ['08:00 - 09:00', '09:00 - 10:00']}, Courts=['Lawn Tennis Parcel 5', 'Lawn Tennis Parcel 6'] (after 13.02s)
[2026-03-13 07:40:25] Shutting down emulator: emulator-5554
[2026-03-13 07:40:25] Shutting down Appium: pid=24321
[2026-03-13 07:40:26] Total run time: 16s (00:00:16)
[2026-03-13 07:40:26] Lock removed
