[2026-03-12 13:30:17] Run started
[2026-03-12 13:30:17] Run log: /Users/predator258/Desktop/Hack_X/nobrokerhood/logs/runs/run_20260312_133017.log
[2026-03-12 13:30:17] Lock acquired
[2026-03-12 13:30:17] ANDROID_HOME=/Users/predator258/Library/Android/sdk
[2026-03-12 13:30:17] No running emulator detected. Starting AVD: Pixel_7
[2026-03-12 13:30:27] Emulator detected: emulator-5554
[2026-03-12 13:30:27] ANDROID_SERIAL pinned to emulator-5554
[2026-03-12 13:30:27] Waiting for boot completion
[2026-03-12 13:30:29] Emulator boot completed
[2026-03-12 13:30:29] Stabilizing emulator for 5s
[2026-03-12 13:30:34] Waking and unlocking emulator
[2026-03-12 13:30:36] Emulator unlock sequence done
[2026-03-12 13:30:36] Starting Appium on 127.0.0.1:4723
[2026-03-12 13:30:36] Appium pid=67311 log=/Users/predator258/Desktop/Hack_X/nobrokerhood/logs/appium/appium_20260312_133017.log
[2026-03-12 13:30:36] Waiting for Appium... 60s left
[2026-03-12 13:30:38] Stabilizing Appium for 5s
[2026-03-12 13:30:44] Appium ready
[2026-03-12 13:30:44] Verifying emulator device state before Python launch
[2026-03-12 13:30:44] Emulator state is online: device
[2026-03-12 13:30:44] Launching python automation
Dismissed unavailable-slot popup: Got it
Unavailable combo: slot=09:00 - 10:00, court=Lawn Tennis Parcel 5
Selected slot/court: 09:00 - 10:00 | Lawn Tennis Parcel 6
Capacity label: (Capacity remaining: 4 persons)
Parsed capacity: 4
Clicked: My Family
Already checked: Parag
Checked: Sayel Chakraborty
Checked: Manav Grover
Clicked: Add
Booking success message not detected.
Screenshot saved: screenshots/failure/flow_exception_20260312_133127.png
[FAILED] Booking confirmation message not detected. (after 42.88s)
[2026-03-12 13:31:28] Shutting down emulator: emulator-5554
[2026-03-12 13:31:28] Shutting down Appium: pid=67311
[2026-03-12 13:31:29] Total run time: 71s (00:01:11)
[2026-03-12 13:31:29] Lock removed
