[2026-03-12 14:25:43] Run started
[2026-03-12 14:25:43] Run log: /Users/predator258/nobrokerhood/logs/runs/run_20260312_142543.log
[2026-03-12 14:25:43] Lock acquired
[2026-03-12 14:25:43] ANDROID_HOME=/Users/predator258/Library/Android/sdk
[2026-03-12 14:25:43] No running emulator detected. Starting AVD: Pixel_7
[2026-03-12 14:25:58] Emulator detected: emulator-5554
[2026-03-12 14:25:58] ANDROID_SERIAL pinned to emulator-5554
[2026-03-12 14:25:58] Waiting for boot completion
[2026-03-12 14:26:00] Emulator boot completed
[2026-03-12 14:26:00] Stabilizing emulator for 5s
[2026-03-12 14:26:05] Waking and unlocking emulator
[2026-03-12 14:26:07] Emulator unlock sequence done
[2026-03-12 14:26:07] Starting Appium on 127.0.0.1:4723
[2026-03-12 14:26:07] Appium pid=3166 log=/Users/predator258/nobrokerhood/logs/appium/appium_20260312_142543.log
[2026-03-12 14:26:07] Waiting for Appium... 60s left
[2026-03-12 14:26:09] Stabilizing Appium for 5s
[2026-03-12 14:26:14] Appium ready
[2026-03-12 14:26:14] Verifying emulator device state before Python launch
[2026-03-12 14:26:14] Emulator state is online: device
[2026-03-12 14:26:14] Launching python automation
Dismissed unavailable-slot popup: Got it
Unavailable combo: slot=09:00 - 10:00, court=Lawn Tennis Parcel 5
Selected slot/court: 09:00 - 10:00 | Lawn Tennis Parcel 6
Capacity label: (Capacity remaining: 4 persons)
Parsed capacity: 4
Clicked: My Family
Already checked: Parag
Checked: Sayel Chakraborty
Checked: Manav Grover
Clicked: Add
Booking success message not detected.
Screenshot saved: screenshots/failure/flow_exception_20260312_142658.png
[FAILED] Booking confirmation message not detected. (after 43.42s)
[2026-03-12 14:26:59] Shutting down emulator: emulator-5554
[2026-03-12 14:26:59] Shutting down Appium: pid=3166
[2026-03-12 14:27:00] Total run time: 76s (00:01:16)
